Misclassified 0 as 1
Misclassified 0 as 1
Misclassified 0 as 3
Misclassified 0 as 8
Misclassified 0 as 5
Misclassified 0 as 5
Misclassified 0 as 9
Misclassified 0 as 5
Misclassified 0 as 3
Misclassified 0 as 1
Misclassified 0 as 5
Misclassified 0 as 1
Misclassified 0 as 9
Misclassified 0 as 9
Misclassified 0 as 5
Misclassified 0 as 3
Misclassified 0 as 3
Misclassified 0 as 6
Misclassified 0 as 3
Misclassified 0 as 8
Misclassified 0 as 6
Misclassified 0 as 6
Misclassified 0 as 5
Misclassified 0 as 9
Misclassified 0 as 6
Misclassified 0 as 3
Misclassified 0 as 6
Misclassified 0 as 5
Misclassified 0 as 6
Misclassified 0 as 9
Misclassified 0 as 9
Misclassified 0 as 9
Misclassified 0 as 3
Misclassified 0 as 5
Misclassified 0 as 6
Misclassified 0 as 3
Misclassified 0 as 5
Misclassified 0 as 9
Misclassified 0 as 3
Misclassified 0 as 5
Misclassified 0 as 9
Misclassified 0 as 5
Misclassified 0 as 9
Misclassified 0 as 6
Misclassified 0 as 2
Misclassified 0 as 5
Misclassified 0 as 9
Misclassified 0 as 1
Misclassified 0 as 8
Misclassified 0 as 6
Misclassified 0 as 8
Misclassified 0 as 3
Misclassified 0 as 5
Misclassified 0 as 1
Misclassified 0 as 3
Misclassified 0 as 6
Misclassified 0 as 9
Misclassified 0 as 6
Misclassified 0 as 5
Misclassified 0 as 9
Misclassified 0 as 3
Misclassified 0 as 9
Misclassified 0 as 6
Misclassified 0 as 6
Misclassified 0 as 3
Misclassified 0 as 9
Misclassified 0 as 9
Misclassified 0 as 3
Misclassified 0 as 6
Misclassified 0 as 5
Misclassified 0 as 9
Misclassified 0 as 9
Misclassified 0 as 9
Misclassified 0 as 6
Misclassified 0 as 8
Misclassified 0 as 6
Misclassified 0 as 5
Misclassified 0 as 9
Misclassified 0 as 9
Misclassified 0 as 5
Misclassified 0 as 8
Misclassified 0 as 3
Misclassified 0 as 3
Misclassified 0 as 3
Misclassified 0 as 5
Misclassified 0 as 9
Misclassified 0 as 5
Misclassified 0 as 6
Misclassified 0 as 5
Misclassified 0 as 3
Misclassified 0 as 5
Misclassified 0 as 5
Misclassified 1 as 3
Misclassified 1 as 3
Misclassified 1 as 3
Misclassified 1 as 2
Misclassified 1 as 3
Misclassified 1 as 3
Misclassified 1 as 3
Misclassified 1 as 3
Misclassified 1 as 7
Misclassified 1 as 3
Misclassified 1 as 2
Misclassified 1 as 7
Misclassified 1 as 2
Misclassified 1 as 3
Misclassified 1 as 7
Misclassified 1 as 0
Misclassified 1 as 2
Misclassified 1 as 3
Misclassified 1 as 3
Misclassified 1 as 3
Misclassified 1 as 7
Misclassified 1 as 7
Misclassified 1 as 3
Misclassified 1 as 3
Misclassified 1 as 2
Misclassified 1 as 3
Misclassified 1 as 2
Misclassified 1 as 3
Misclassified 1 as 3
Misclassified 1 as 3
Misclassified 1 as 7
Misclassified 1 as 7
Misclassified 1 as 5
Misclassified 1 as 5
Misclassified 1 as 6
Misclassified 1 as 6
Misclassified 1 as 6
Misclassified 1 as 6
Misclassified 1 as 3
Misclassified 1 as 5
Misclassified 1 as 5
Misclassified 1 as 7
Misclassified 1 as 7
Misclassified 1 as 2
Misclassified 1 as 3
Misclassified 1 as 3
Misclassified 1 as 3
Misclassified 1 as 2
Misclassified 1 as 3
Misclassified 1 as 3
Misclassified 1 as 2
Misclassified 1 as 2
Misclassified 1 as 7
Misclassified 1 as 3
Misclassified 1 as 0
Misclassified 1 as 3
Misclassified 1 as 2
Misclassified 1 as 3
Misclassified 1 as 3
Misclassified 1 as 3
Misclassified 1 as 3
Misclassified 1 as 5
Misclassified 1 as 0
Misclassified 1 as 3
Misclassified 1 as 5
Misclassified 1 as 5
Misclassified 1 as 5
Misclassified 1 as 2
Misclassified 1 as 9
Misclassified 1 as 7
Misclassified 1 as 3
Misclassified 1 as 3
Misclassified 1 as 3
Misclassified 1 as 3
Misclassified 1 as 3
Misclassified 2 as 3
Misclassified 2 as 3
Misclassified 2 as 3
Misclassified 2 as 3
Misclassified 2 as 3
Misclassified 2 as 5
Misclassified 2 as 3
Misclassified 2 as 5
Misclassified 2 as 3
Misclassified 2 as 3
Misclassified 2 as 4
Misclassified 2 as 3
Misclassified 2 as 4
Misclassified 2 as 5
Misclassified 2 as 5
Misclassified 2 as 6
Misclassified 2 as 7
Misclassified 2 as 9
Misclassified 2 as 9
Misclassified 2 as 3
Misclassified 2 as 5
Misclassified 2 as 7
Misclassified 2 as 5
Misclassified 2 as 5
Misclassified 2 as 4
Misclassified 2 as 3
Misclassified 2 as 8
Misclassified 2 as 3
Misclassified 2 as 5
Misclassified 2 as 1
Misclassified 2 as 4
Misclassified 2 as 4
Misclassified 2 as 3
Misclassified 2 as 5
Misclassified 2 as 4
Misclassified 2 as 3
Misclassified 2 as 3
Misclassified 2 as 5
Misclassified 2 as 3
Misclassified 2 as 3
Misclassified 2 as 5
Misclassified 2 as 5
Misclassified 2 as 4
Misclassified 2 as 4
Misclassified 2 as 4
Misclassified 2 as 3
Misclassified 2 as 5
Misclassified 2 as 3
Misclassified 2 as 3
Misclassified 2 as 8
Misclassified 2 as 1
Misclassified 2 as 3
Misclassified 2 as 4
Misclassified 2 as 4
Misclassified 2 as 3
Misclassified 2 as 3
Misclassified 2 as 4
Misclassified 2 as 4
Misclassified 2 as 8
Misclassified 2 as 5
Misclassified 2 as 3
Misclassified 2 as 5
Misclassified 3 as 1
Misclassified 3 as 1
Misclassified 3 as 7
Misclassified 3 as 2
Misclassified 3 as 7
Misclassified 3 as 4
Misclassified 3 as 2
Misclassified 3 as 6
Misclassified 3 as 4
Misclassified 3 as 4
Misclassified 3 as 6
Misclassified 3 as 0
Misclassified 3 as 2
Misclassified 3 as 2
Misclassified 3 as 7
Misclassified 3 as 5
Misclassified 3 as 5
Misclassified 3 as 5
Misclassified 3 as 9
Misclassified 3 as 2
Misclassified 3 as 2
Misclassified 3 as 2
Misclassified 3 as 2
Misclassified 3 as 9
Misclassified 3 as 5
Misclassified 3 as 2
Misclassified 3 as 2
Misclassified 3 as 7
Misclassified 3 as 2
Misclassified 3 as 8
Misclassified 3 as 5
Misclassified 3 as 5
Misclassified 3 as 8
Misclassified 3 as 6
Misclassified 3 as 5
Misclassified 3 as 5
Misclassified 3 as 9
Misclassified 3 as 2
Misclassified 3 as 9
Misclassified 3 as 2
Misclassified 3 as 7
Misclassified 3 as 5
Misclassified 3 as 5
Misclassified 3 as 5
Misclassified 4 as 1
Misclassified 4 as 3
Misclassified 4 as 3
Misclassified 4 as 2
Misclassified 4 as 3
Misclassified 4 as 3
Misclassified 4 as 2
Misclassified 4 as 2
Misclassified 4 as 9
Misclassified 4 as 1
Misclassified 4 as 1
Misclassified 4 as 9
Misclassified 4 as 9
Misclassified 4 as 2
Misclassified 4 as 3
Misclassified 4 as 1
Misclassified 4 as 1
Misclassified 4 as 1
Misclassified 4 as 0
Misclassified 4 as 9
Misclassified 4 as 3
Misclassified 4 as 3
Misclassified 4 as 1
Misclassified 4 as 1
Misclassified 4 as 3
Misclassified 4 as 3
Misclassified 4 as 2
Misclassified 4 as 3
Misclassified 4 as 1
Misclassified 4 as 3
Misclassified 4 as 1
Misclassified 4 as 2
Misclassified 4 as 1
Misclassified 4 as 1
Misclassified 4 as 1
Misclassified 4 as 3
Misclassified 4 as 3
Misclassified 4 as 3
Misclassified 4 as 2
Misclassified 4 as 1
Misclassified 4 as 9
Misclassified 4 as 1
Misclassified 4 as 3
Misclassified 4 as 1
Misclassified 4 as 1
Misclassified 4 as 3
Misclassified 4 as 2
Misclassified 4 as 3
Misclassified 4 as 3
Misclassified 4 as 2
Misclassified 4 as 3
Misclassified 4 as 1
Misclassified 4 as 3
Misclassified 4 as 2
Misclassified 4 as 1
Misclassified 4 as 6
Misclassified 4 as 2
Misclassified 4 as 3
Misclassified 4 as 1
Misclassified 4 as 1
Misclassified 4 as 2
Misclassified 4 as 2
Misclassified 4 as 3
Misclassified 4 as 1
Misclassified 4 as 3
Misclassified 4 as 2
Misclassified 4 as 1
Misclassified 4 as 2
Misclassified 4 as 1
Misclassified 4 as 1
Misclassified 4 as 3
Misclassified 4 as 2
Misclassified 4 as 2
Misclassified 4 as 3
Misclassified 4 as 1
Misclassified 4 as 3
Misclassified 4 as 2
Misclassified 4 as 2
Misclassified 4 as 1
Misclassified 4 as 3
Misclassified 4 as 3
Misclassified 4 as 3
Misclassified 4 as 1
Misclassified 4 as 3
Misclassified 4 as 3
Misclassified 4 as 2
Misclassified 4 as 1
Misclassified 4 as 1
Misclassified 4 as 2
Misclassified 4 as 1
Misclassified 4 as 1
Misclassified 4 as 2
Misclassified 4 as 3
Misclassified 4 as 3
Misclassified 4 as 1
Misclassified 4 as 3
Misclassified 4 as 2
Misclassified 4 as 2
Misclassified 4 as 2
Misclassified 4 as 3
Misclassified 4 as 3
Misclassified 4 as 3
Misclassified 5 as 3
Misclassified 5 as 3
Misclassified 5 as 3
Misclassified 5 as 3
Misclassified 5 as 2
Misclassified 5 as 2
Misclassified 5 as 2
Misclassified 5 as 3
Misclassified 5 as 9
Misclassified 5 as 2
Misclassified 5 as 2
Misclassified 5 as 6
Misclassified 5 as 9
Misclassified 5 as 2
Misclassified 5 as 2
Misclassified 5 as 3
Misclassified 5 as 2
Misclassified 5 as 2
Misclassified 5 as 3
Misclassified 5 as 3
Misclassified 5 as 3
Misclassified 5 as 3
Misclassified 5 as 3
Misclassified 5 as 3
Misclassified 5 as 0
Misclassified 5 as 3
Misclassified 5 as 9
Misclassified 5 as 3
Misclassified 5 as 2
Misclassified 5 as 9
Misclassified 5 as 3
Misclassified 5 as 6
Misclassified 5 as 3
Misclassified 5 as 3
Misclassified 5 as 2
Misclassified 5 as 2
Misclassified 5 as 3
Misclassified 5 as 3
Misclassified 5 as 2
Misclassified 5 as 3
Misclassified 5 as 2
Misclassified 5 as 3
Misclassified 5 as 3
Misclassified 5 as 2
Misclassified 5 as 2
Misclassified 5 as 9
Misclassified 5 as 9
Misclassified 5 as 3
Misclassified 5 as 3
Misclassified 5 as 9
Misclassified 5 as 3
Misclassified 5 as 9
Misclassified 5 as 2
Misclassified 5 as 3
Misclassified 5 as 3
Misclassified 5 as 3
Misclassified 5 as 3
Misclassified 5 as 9
Misclassified 5 as 9
Misclassified 5 as 3
Misclassified 5 as 3
Misclassified 5 as 2
Misclassified 5 as 9
Misclassified 5 as 9
Misclassified 5 as 8
Misclassified 5 as 3
Misclassified 5 as 7
Misclassified 5 as 3
Misclassified 5 as 3
Misclassified 6 as 9
Misclassified 6 as 2
Misclassified 6 as 9
Misclassified 6 as 0
Misclassified 6 as 4
Misclassified 6 as 2
Misclassified 6 as 8
Misclassified 6 as 5
Misclassified 6 as 0
Misclassified 6 as 9
Misclassified 6 as 8
Misclassified 6 as 5
Misclassified 6 as 7
Misclassified 6 as 9
Misclassified 6 as 0
Misclassified 6 as 2
Misclassified 6 as 0
Misclassified 6 as 0
Misclassified 6 as 9
Misclassified 6 as 9
Misclassified 6 as 0
Misclassified 6 as 4
Misclassified 6 as 8
Misclassified 6 as 8
Misclassified 6 as 5
Misclassified 6 as 8
Misclassified 6 as 9
Misclassified 6 as 0
Misclassified 6 as 5
Misclassified 6 as 5
Misclassified 6 as 5
Misclassified 6 as 9
Misclassified 6 as 5
Misclassified 6 as 5
Misclassified 6 as 5
Misclassified 6 as 5
Misclassified 6 as 0
Misclassified 6 as 2
Misclassified 6 as 4
Misclassified 6 as 0
Misclassified 6 as 5
Misclassified 6 as 9
Misclassified 6 as 9
Misclassified 6 as 5
Misclassified 6 as 8
Misclassified 6 as 9
Misclassified 6 as 5
Misclassified 6 as 0
Misclassified 6 as 8
Misclassified 6 as 0
Misclassified 6 as 9
Misclassified 6 as 0
Misclassified 6 as 8
Misclassified 6 as 8
Misclassified 6 as 9
Misclassified 6 as 2
Misclassified 6 as 0
Misclassified 6 as 2
Misclassified 6 as 5
Misclassified 6 as 9
Misclassified 6 as 2
Misclassified 6 as 5
Misclassified 6 as 5
Misclassified 6 as 2
Misclassified 6 as 5
Misclassified 6 as 5
Misclassified 6 as 9
Misclassified 6 as 3
Misclassified 6 as 2
Misclassified 6 as 5
Misclassified 6 as 5
Misclassified 7 as 1
Misclassified 7 as 5
Misclassified 7 as 9
Misclassified 7 as 9
Misclassified 7 as 5
Misclassified 7 as 5
Misclassified 7 as 5
Misclassified 7 as 5
Misclassified 7 as 5
Misclassified 7 as 5
Misclassified 7 as 5
Misclassified 7 as 5
Misclassified 7 as 5
Misclassified 7 as 3
Misclassified 7 as 5
Misclassified 7 as 1
Misclassified 7 as 2
Misclassified 7 as 5
Misclassified 8 as 9
Misclassified 8 as 5
Misclassified 8 as 6
Misclassified 8 as 5
Misclassified 8 as 6
Misclassified 8 as 9
Misclassified 8 as 9
Misclassified 8 as 6
Misclassified 8 as 0
Misclassified 8 as 0
Misclassified 8 as 5
Misclassified 8 as 5
Misclassified 8 as 0
Misclassified 8 as 5
Misclassified 8 as 0
Misclassified 8 as 5
Misclassified 8 as 0
Misclassified 8 as 6
Misclassified 8 as 5
Misclassified 8 as 9
Misclassified 8 as 3
Misclassified 8 as 9
Misclassified 8 as 0
Misclassified 8 as 9
Misclassified 8 as 6
Misclassified 8 as 5
Misclassified 8 as 6
Misclassified 8 as 3
Misclassified 8 as 9
Misclassified 8 as 6
Misclassified 8 as 3
Misclassified 8 as 9
Misclassified 8 as 5
Misclassified 8 as 5
Misclassified 8 as 9
Misclassified 8 as 5
Misclassified 8 as 6
Misclassified 8 as 9
Misclassified 8 as 5
Misclassified 8 as 6
Misclassified 8 as 9
Misclassified 8 as 9
Misclassified 8 as 5
Misclassified 8 as 9
Misclassified 8 as 6
Misclassified 8 as 0
Misclassified 8 as 5
Misclassified 8 as 0
Misclassified 8 as 0
Misclassified 8 as 9
Misclassified 8 as 9
Misclassified 8 as 0
Misclassified 8 as 5
Misclassified 8 as 5
Misclassified 8 as 5
Misclassified 8 as 5
Misclassified 8 as 5
Misclassified 8 as 0
Misclassified 8 as 6
Misclassified 8 as 0
Misclassified 8 as 9
Misclassified 8 as 0
Misclassified 8 as 9
Misclassified 8 as 9
Misclassified 8 as 6
Misclassified 8 as 6
Misclassified 8 as 0
Misclassified 8 as 6
Misclassified 8 as 5
Misclassified 8 as 5
Misclassified 8 as 6
Misclassified 8 as 9
Misclassified 8 as 6
Misclassified 8 as 3
Misclassified 8 as 6
Misclassified 8 as 3
Misclassified 8 as 0
Misclassified 8 as 3
Misclassified 8 as 7
Misclassified 8 as 6
Misclassified 8 as 5
Misclassified 8 as 2
Misclassified 8 as 6
Misclassified 8 as 0
Misclassified 8 as 5
Misclassified 8 as 5
Misclassified 8 as 5
Misclassified 8 as 0
Misclassified 8 as 9
Misclassified 8 as 9
Misclassified 8 as 5
Misclassified 8 as 3
Misclassified 8 as 0
Misclassified 9 as 5
Misclassified 9 as 5
Misclassified 9 as 3
Misclassified 9 as 6
Misclassified 9 as 6
Misclassified 9 as 0
Misclassified 9 as 0
Misclassified 9 as 0
Misclassified 9 as 3
Misclassified 9 as 0
Misclassified 9 as 0
Misclassified 9 as 0
Misclassified 9 as 2
Misclassified 9 as 6
Misclassified 9 as 0
Misclassified 9 as 5
Misclassified 9 as 5
Misclassified 9 as 6
Misclassified 9 as 5
Misclassified 9 as 8
Misclassified 9 as 5
Misclassified 9 as 6
Misclassified 9 as 5
Misclassified 9 as 6
Misclassified 9 as 0
Misclassified 9 as 0
Misclassified 9 as 6
Misclassified 9 as 0
Misclassified 9 as 0
Misclassified 9 as 0
Misclassified 9 as 0
Misclassified 9 as 4
Misclassified 9 as 0
Misclassified 9 as 8
Misclassified 9 as 0
Misclassified 9 as 8
Misclassified 9 as 0
Misclassified 9 as 8
Misclassified 9 as 2
Misclassified 9 as 6
Misclassified 9 as 0
Misclassified 9 as 5
Misclassified 9 as 3
Misclassified 9 as 7
Misclassified 9 as 2
Misclassified 9 as 5
Misclassified 9 as 0
Misclassified 9 as 5
Misclassified 9 as 5
Misclassified 9 as 5
Misclassified 9 as 0
Misclassified 9 as 0
Misclassified 9 as 6
Misclassified 9 as 3
Misclassified 9 as 6
Misclassified 9 as 3
Misclassified 9 as 6
Misclassified 9 as 6
Misclassified 9 as 2
Misclassified 9 as 5
Misclassified 9 as 0
Misclassified 9 as 6
Misclassified 9 as 5
Misclassified 9 as 8
Misclassified 9 as 0
Misclassified 9 as 6
Misclassified 9 as 0
Misclassified 9 as 0
Misclassified 9 as 5
Misclassified 9 as 5
Misclassified 9 as 6
Misclassified 9 as 5
Misclassified 9 as 6
Misclassified 9 as 0
Misclassified 9 as 6
Misclassified 9 as 0
Misclassified 9 as 8
Misclassified 9 as 6
Misclassified 9 as 8
Misclassified 9 as 0
Misclassified 9 as 5
Misclassified 9 as 2
Misclassified 9 as 0
Misclassified 9 as 6
Misclassified 9 as 5
Misclassified 9 as 7
Misclassified 9 as 4
Misclassified 9 as 8
Misclassified 9 as 7
Misclassified 9 as 2
Misclassified 9 as 5
Misclassified 9 as 5
Misclassified 9 as 5
Misclassified 9 as 5
Misclassified 9 as 5
Misclassified 9 as 6
Misclassified 9 as 2
Misclassified 9 as 0
Misclassified 9 as 6
